-- Make sure the module is loaded.
--
-- FIXME(seanc@): this is broken.  Why do I have to call the function to
-- initialize the shared object?  WHy isn't _PG_init() called upon new
-- connection from a client?  Something's broken here that I don't understand
-- yet and the oversight isn't jumping out at me.  Moving on, but marking
-- this as a bug.
SELECT consul_agent_ping();
 consul_agent_ping 
-------------------
 t
(1 row)

-- PASS: Make sure extension parameters are present
SHOW consul.agent_port;
 consul.agent_port 
-------------------
 8500
(1 row)

-- PASS: Set the agent port to something valid according to RFC791.
SET consul.agent_port = '18500';
SHOW consul.agent_port;
 consul.agent_port 
-------------------
 18500
(1 row)

-- PASS
SET consul.agent_port = 18501;
SHOW consul.agent_port;
 consul.agent_port 
-------------------
 18501
(1 row)

-- FAIL: Set the agent's hostname to something valid according to RFC1123.
SET consul.agent_port = 'fmtp'; -- fmtp 8500/tcp # Flight Message Transfer Protocol
ERROR:  invalid value for parameter "consul.agent_port": "fmtp"
SHOW consul.agent_port;
 consul.agent_port 
-------------------
 18501
(1 row)

-- FAIL
SET consul.agent_port = '0';     -- Too small
ERROR:  0 is outside the valid range for parameter "consul.agent_port" (1 .. 65535)
SHOW consul.agent_port;
 consul.agent_port 
-------------------
 18501
(1 row)

-- FAIL
SET consul.agent_port = '65536'; -- Too large
ERROR:  65536 is outside the valid range for parameter "consul.agent_port" (1 .. 65535)
SHOW consul.agent_port;
 consul.agent_port 
-------------------
 18501
(1 row)

-- PASS
SET consul.agent_port = 8502;
SHOW consul.agent_port;
 consul.agent_port 
-------------------
 8502
(1 row)

-- PASS: Reset
RESET consul.agent_port;
SHOW consul.agent_port;
 consul.agent_port 
-------------------
 8500
(1 row)

