-- Make sure the module is loaded.
--
-- FIXME(seanc@): this is broken.  Why do I have to call the function to
-- initialize the shared object?  WHy isn't _PG_init() called upon new
-- connection from a client?  Something's broken here that I don't understand
-- yet and the oversight isn't jumping out at me.  Moving on, but marking
-- this as a bug.
SELECT consul_agent_ping();
 consul_agent_ping 
-------------------
 t
(1 row)

-- PASS: Make sure extension parameters are present
SHOW consul.agent_timeout;
 consul.agent_timeout 
----------------------
 1000
(1 row)

-- PASS: Set the agent timeout to something valid
SET consul.agent_timeout = 2000;
SHOW consul.agent_timeout;
 consul.agent_timeout 
----------------------
 2000
(1 row)

-- PASS
SET consul.agent_timeout = '3s';
SHOW consul.agent_timeout;
 consul.agent_timeout 
----------------------
 3000
(1 row)

-- PASS
SET consul.agent_timeout = '500ms';
SHOW consul.agent_timeout;
 consul.agent_timeout 
----------------------
 500
(1 row)

-- FAIL: Test agent hostname error handling
SET consul.agent_timeout = 'in the future';
ERROR:  invalid value for parameter "consul.agent_timeout": "in the future"
SHOW consul.agent_timeout;
 consul.agent_timeout 
----------------------
 500
(1 row)

-- FAIL: Too smail
SET consul.agent_timeout = 0;
ERROR:  0 is outside the valid range for parameter "consul.agent_timeout" (1 .. 65535)
SHOW consul.agent_timeout;
 consul.agent_timeout 
----------------------
 500
(1 row)

-- FAIL: too larrge
SET consul.agent_timeout = '65536ms';
ERROR:  65536 is outside the valid range for parameter "consul.agent_timeout" (1 .. 65535)
SHOW consul.agent_timeout;
 consul.agent_timeout 
----------------------
 500
(1 row)

-- PASS: not overly large
SET consul.agent_timeout = '65s';
SHOW consul.agent_timeout;
 consul.agent_timeout 
----------------------
 65000
(1 row)

-- FAIL: too large
SET consul.agent_timeout = '66s';
ERROR:  66000 is outside the valid range for parameter "consul.agent_timeout" (1 .. 65535)
SHOW consul.agent_timeout;
 consul.agent_timeout 
----------------------
 65000
(1 row)

-- FAIL: too large
SET consul.agent_timeout = '1h';
ERROR:  3600000 is outside the valid range for parameter "consul.agent_timeout" (1 .. 65535)
SHOW consul.agent_timeout;
 consul.agent_timeout 
----------------------
 65000
(1 row)

-- FAIL: too large
SET consul.agent_timeout = '1d';
ERROR:  86400000 is outside the valid range for parameter "consul.agent_timeout" (1 .. 65535)
SHOW consul.agent_timeout;
 consul.agent_timeout 
----------------------
 65000
(1 row)

-- FAIL: Return to a valid timeout
SET consul.agent_timeout = '2.5s';
ERROR:  invalid value for parameter "consul.agent_timeout": "2.5s"
HINT:  Valid units for this parameter are "ms", "s", "min", "h", and "d".
SHOW consul.agent_timeout;
 consul.agent_timeout 
----------------------
 65000
(1 row)

-- PASS: Return to a valid timeout
SET consul.agent_timeout = '1500ms';
SHOW consul.agent_timeout;
 consul.agent_timeout 
----------------------
 1500
(1 row)

-- PASS: Reset
RESET consul.agent_timeout;
SHOW consul.agent_timeout;
 consul.agent_timeout 
----------------------
 1000
(1 row)

